\BOOKMARK [0][-]{section*.1}{\376\377\000V\000e\000r\000i\000f\000i\000c\000a\000t\000i\000o\000n\000\040\000L\000e\000t\000t\000e\000r\000\040\000f\000r\000o\000m\000\040\000t\000h\000e\000\040\000O\000r\000a\000l\000\040\000E\000x\000a\000m\000i\000n\000a\000t\000i\000o\000n\000\040\000C\000o\000m\000m\000i\000t\000t\000e\000e}{}% 1
\BOOKMARK [0][-]{chapter*.2}{\376\377\000A\000c\000k\000n\000o\000w\000l\000e\000d\000g\000e\000m\000e\000n\000t\000s}{}% 2
\BOOKMARK [0][-]{chapter*.3}{\376\377\144\130\211\201}{}% 3
\BOOKMARK [0][-]{chapter*.4}{\376\377\000A\000b\000s\000t\000r\000a\000c\000t}{}% 4
\BOOKMARK [0][-]{section*.5}{\376\377\000C\000o\000n\000t\000e\000n\000t\000s}{}% 5
\BOOKMARK [0][-]{section*.6}{\376\377\000L\000i\000s\000t\000\040\000o\000f\000\040\000F\000i\000g\000u\000r\000e\000s}{}% 6
\BOOKMARK [0][-]{section*.7}{\376\377\000L\000i\000s\000t\000\040\000o\000f\000\040\000T\000a\000b\000l\000e\000s}{}% 7
\BOOKMARK [0][-]{chapter*.8}{\376\377\000D\000e\000n\000o\000t\000a\000t\000i\000o\000n}{}% 8
\BOOKMARK [0][-]{chapter.1}{\376\377\000I\000n\000t\000r\000o\000d\000u\000c\000t\000i\000o\000n}{}% 9
\BOOKMARK [1][-]{section.1.1}{\376\377\000W\000e\000a\000t\000h\000e\000r\000\040\000F\000o\000r\000e\000c\000a\000s\000t\000i\000n\000g\000\040\000a\000n\000d\000\040\000I\000t\000s\000\040\000S\000o\000c\000i\000e\000t\000a\000l\000\040\000S\000t\000a\000k\000e\000s}{chapter.1}% 10
\BOOKMARK [1][-]{section.1.2}{\376\377\000A\000\040\000B\000r\000i\000e\000f\000\040\000H\000i\000s\000t\000o\000r\000y\000\040\000o\000f\000\040\000W\000e\000a\000t\000h\000e\000r\000\040\000P\000r\000e\000d\000i\000c\000t\000i\000o\000n\000\040\000M\000e\000t\000h\000o\000d\000s}{chapter.1}% 11
\BOOKMARK [1][-]{section.1.3}{\376\377\000D\000i\000f\000f\000u\000s\000i\000o\000n\000\040\000M\000o\000d\000e\000l\000s\000\040\000f\000o\000r\000\040\000W\000e\000a\000t\000h\000e\000r\000:\000\040\000I\000n\000t\000u\000i\000t\000i\000o\000n}{chapter.1}% 12
\BOOKMARK [1][-]{section.1.4}{\376\377\000T\000h\000e\000\040\000I\000n\000f\000e\000r\000e\000n\000c\000e\000-\000C\000o\000s\000t\000\040\000P\000r\000o\000b\000l\000e\000m}{chapter.1}% 13
\BOOKMARK [1][-]{section.1.5}{\376\377\000F\000r\000o\000m\000\040\000D\000i\000f\000f\000u\000s\000i\000o\000n\000\040\000t\000o\000\040\000F\000l\000o\000w\000\040\000M\000a\000t\000c\000h\000i\000n\000g}{chapter.1}% 14
\BOOKMARK [1][-]{section.1.6}{\376\377\000C\000o\000n\000t\000r\000i\000b\000u\000t\000i\000o\000n\000s}{chapter.1}% 15
\BOOKMARK [1][-]{section.1.7}{\376\377\000T\000h\000e\000s\000i\000s\000\040\000O\000u\000t\000l\000i\000n\000e}{chapter.1}% 16
\BOOKMARK [0][-]{chapter.2}{\376\377\000B\000a\000c\000k\000g\000r\000o\000u\000n\000d\000\040\000a\000n\000d\000\040\000R\000e\000l\000a\000t\000e\000d\000\040\000W\000o\000r\000k}{}% 17
\BOOKMARK [1][-]{section.2.1}{\376\377\000N\000u\000m\000e\000r\000i\000c\000a\000l\000\040\000W\000e\000a\000t\000h\000e\000r\000\040\000P\000r\000e\000d\000i\000c\000t\000i\000o\000n}{chapter.2}% 18
\BOOKMARK [1][-]{section.2.2}{\376\377\000D\000a\000t\000a\000-\000D\000r\000i\000v\000e\000n\000\040\000G\000l\000o\000b\000a\000l\000\040\000W\000e\000a\000t\000h\000e\000r\000\040\000M\000o\000d\000e\000l\000s}{chapter.2}% 19
\BOOKMARK [1][-]{section.2.3}{\376\377\000R\000e\000g\000i\000o\000n\000a\000l\000\040\000a\000n\000d\000\040\000C\000o\000n\000v\000e\000c\000t\000i\000v\000e\000-\000S\000c\000a\000l\000e\000\040\000F\000o\000r\000e\000c\000a\000s\000t\000i\000n\000g}{chapter.2}% 20
\BOOKMARK [1][-]{section.2.4}{\376\377\000G\000e\000n\000C\000a\000s\000t\000\040\000a\000n\000d\000\040\000t\000h\000e\000\040\000G\000e\000n\000e\000r\000a\000t\000i\000v\000e\000\040\000T\000u\000r\000n}{chapter.2}% 21
\BOOKMARK [1][-]{section.2.5}{\376\377\000S\000c\000o\000r\000e\000-\000B\000a\000s\000e\000d\000\040\000D\000i\000f\000f\000u\000s\000i\000o\000n\000:\000\040\000A\000\040\000P\000r\000i\000m\000e\000r}{chapter.2}% 22
\BOOKMARK [2][-]{subsection.2.5.1}{\376\377\000D\000D\000P\000M\000:\000\040\000T\000h\000e\000\040\000D\000i\000s\000c\000r\000e\000t\000e\000-\000T\000i\000m\000e\000\040\000V\000a\000r\000i\000a\000n\000c\000e\000-\000P\000r\000e\000s\000e\000r\000v\000i\000n\000g\000\040\000C\000o\000n\000s\000t\000r\000u\000c\000t\000i\000o\000n}{section.2.5}% 23
\BOOKMARK [2][-]{subsection.2.5.2}{\376\377\000D\000D\000I\000M\000:\000\040\000N\000o\000n\000-\000M\000a\000r\000k\000o\000v\000i\000a\000n\000\040\000F\000o\000r\000w\000a\000r\000d\000\040\000a\000n\000d\000\040\000D\000e\000t\000e\000r\000m\000i\000n\000i\000s\000t\000i\000c\000\040\000S\000a\000m\000p\000l\000i\000n\000g}{section.2.5}% 24
\BOOKMARK [2][-]{subsection.2.5.3}{\376\377\000C\000o\000n\000t\000i\000n\000u\000o\000u\000s\000-\000T\000i\000m\000e\000\040\000V\000i\000e\000w\000:\000\040\000V\000E\000-\000S\000D\000E\000\040\000a\000n\000d\000\040\000P\000F\000-\000O\000D\000E}{section.2.5}% 25
\BOOKMARK [1][-]{section.2.6}{\376\377\000E\000D\000M\000:\000\040\000T\000h\000e\000\040\000E\000l\000u\000c\000i\000d\000a\000t\000e\000d\000\040\000F\000o\000r\000m\000u\000l\000a\000t\000i\000o\000n}{chapter.2}% 26
\BOOKMARK [1][-]{section.2.7}{\376\377\000C\000o\000n\000d\000i\000t\000i\000o\000n\000i\000n\000g\000\040\000i\000n\000\040\000D\000i\000f\000f\000u\000s\000i\000o\000n\000\040\000M\000o\000d\000e\000l\000s}{chapter.2}% 27
\BOOKMARK [1][-]{section.2.8}{\376\377\000F\000l\000o\000w\000\040\000M\000a\000t\000c\000h\000i\000n\000g\000,\000\040\000F\000l\000o\000w\000C\000a\000s\000t\000,\000\040\000a\000n\000d\000\040\000M\000e\000a\000n\000F\000l\000o\000w}{chapter.2}% 28
\BOOKMARK [1][-]{section.2.9}{\376\377\000F\000l\000o\000w\000\040\000M\000a\000t\000c\000h\000i\000n\000g\000\040\000v\000e\000r\000s\000u\000s\000\040\000D\000i\000f\000f\000u\000s\000i\000o\000n\000:\000\040\000W\000h\000y\000\040\000S\000t\000r\000a\000i\000g\000h\000t\000-\000L\000i\000n\000e\000\040\000P\000a\000t\000h\000s\000\040\000H\000e\000l\000p}{chapter.2}% 29
\BOOKMARK [1][-]{section.2.10}{\376\377\000P\000r\000i\000o\000r\000\040\000G\000e\000n\000e\000r\000a\000t\000i\000v\000e\000\040\000M\000o\000d\000e\000l\000s\000\040\000f\000o\000r\000\040\000P\000r\000e\000c\000i\000p\000i\000t\000a\000t\000i\000o\000n\000\040\000N\000o\000w\000c\000a\000s\000t\000i\000n\000g}{chapter.2}% 30
\BOOKMARK [1][-]{section.2.11}{\376\377\000E\000v\000a\000l\000u\000a\000t\000i\000o\000n\000\040\000o\000f\000\040\000P\000r\000e\000c\000i\000p\000i\000t\000a\000t\000i\000o\000n\000\040\000F\000o\000r\000e\000c\000a\000s\000t\000s}{chapter.2}% 31
\BOOKMARK [0][-]{chapter.3}{\376\377\000M\000e\000t\000h\000o\000d}{}% 32
\BOOKMARK [1][-]{section.3.1}{\376\377\000P\000r\000o\000b\000l\000e\000m\000\040\000S\000e\000t\000u\000p}{chapter.3}% 33
\BOOKMARK [1][-]{section.3.2}{\376\377\000D\000a\000t\000a\000s\000e\000t\000:\000\040\000T\000a\000i\000w\000a\000n\000\040\000R\000W\000R\000F}{chapter.3}% 34
\BOOKMARK [1][-]{section.3.3}{\376\377\000D\000a\000t\000a\000\040\000S\000o\000u\000r\000c\000e\000s\000\040\000a\000n\000d\000\040\000P\000r\000e\000p\000r\000o\000c\000e\000s\000s\000i\000n\000g\000\040\000P\000i\000p\000e\000l\000i\000n\000e}{chapter.3}% 35
\BOOKMARK [2][-]{subsection.3.3.1}{\376\377\000R\000a\000w\000\040\000d\000a\000t\000a\000\040\000s\000o\000u\000r\000c\000e\000s}{section.3.3}% 36
\BOOKMARK [2][-]{subsection.3.3.2}{\376\377\000P\000r\000e\000p\000r\000o\000c\000e\000s\000s\000i\000n\000g\000\040\000p\000i\000p\000e\000l\000i\000n\000e}{section.3.3}% 37
\BOOKMARK [2][-]{subsection.3.3.3}{\376\377\000T\000a\000r\000g\000e\000t\000\040\000D\000i\000s\000t\000r\000i\000b\000u\000t\000i\000o\000n\000s\000:\000\040\000S\000p\000a\000r\000s\000i\000t\000y\000,\000\040\000G\000a\000u\000s\000s\000i\000a\000n\000i\000t\000y\000,\000\040\000a\000n\000d\000\040\000t\000h\000e\000\040\000D\000i\000f\000f\000u\000s\000i\000o\000n\000\040\000P\000r\000i\000o\000r}{section.3.3}% 38
\BOOKMARK [1][-]{section.3.4}{\376\377\000R\000e\000g\000r\000e\000s\000s\000i\000o\000n\000\040\000M\000e\000a\000n\000\040\000a\000n\000d\000\040\000t\000h\000e\000\040\000E\000D\000M\000\040\000D\000i\000f\000f\000u\000s\000i\000o\000n\000\040\000B\000a\000s\000e\000l\000i\000n\000e}{chapter.3}% 39
\BOOKMARK [1][-]{section.3.5}{\376\377\000T\000h\000e\000\040\000F\000l\000o\000w\000C\000a\000s\000t\000\040\000R\000e\000s\000i\000d\000u\000a\000l\000\040\000\050\000C\000o\000n\000d\000i\000t\000i\000o\000n\000a\000l\000\040\000F\000l\000o\000w\000\040\000M\000a\000t\000c\000h\000i\000n\000g\000\051}{chapter.3}% 40
\BOOKMARK [1][-]{section.3.6}{\376\377\000T\000h\000e\000\040\000M\000e\000a\000n\000F\000l\000o\000w\000\040\000R\000e\000s\000i\000d\000u\000a\000l\000\040\000\050\000A\000v\000e\000r\000a\000g\000e\000-\000V\000e\000l\000o\000c\000i\000t\000y\000\040\000F\000l\000o\000w\000\040\000M\000a\000t\000c\000h\000i\000n\000g\000\051}{chapter.3}% 41
\BOOKMARK [1][-]{section.3.7}{\376\377\000L\000o\000s\000s\000\040\000D\000e\000s\000i\000g\000n\000\040\000f\000o\000r\000\040\000t\000h\000e\000\040\000P\000r\000e\000c\000i\000p\000i\000t\000a\000t\000i\000o\000n\000\040\000C\000h\000a\000n\000n\000e\000l}{chapter.3}% 42
\BOOKMARK [1][-]{section.3.8}{\376\377\000T\000r\000a\000i\000n\000i\000n\000g\000\040\000I\000n\000f\000r\000a\000s\000t\000r\000u\000c\000t\000u\000r\000e}{chapter.3}% 43
\BOOKMARK [0][-]{chapter.4}{\376\377\000E\000x\000p\000e\000r\000i\000m\000e\000n\000t\000s\000\040\000a\000n\000d\000\040\000R\000e\000s\000u\000l\000t\000s}{}% 44
\BOOKMARK [1][-]{section.4.1}{\376\377\000E\000x\000p\000e\000r\000i\000m\000e\000n\000t\000a\000l\000\040\000P\000r\000o\000t\000o\000c\000o\000l}{chapter.4}% 45
\BOOKMARK [1][-]{section.4.2}{\376\377\000E\000v\000a\000l\000u\000a\000t\000i\000o\000n\000\040\000M\000e\000t\000r\000i\000c\000s}{chapter.4}% 46
\BOOKMARK [1][-]{section.4.3}{\376\377\000F\000l\000o\000w\000C\000a\000s\000t\000\040\000a\000n\000d\000\040\000M\000e\000a\000n\000F\000l\000o\000w\000\040\000v\000e\000r\000s\000u\000s\000\040\000D\000i\000f\000f\000u\000s\000i\000o\000n\000:\000\040\000H\000e\000a\000d\000l\000i\000n\000e\000\040\000C\000o\000m\000p\000a\000r\000i\000s\000o\000n}{chapter.4}% 47
\BOOKMARK [1][-]{section.4.4}{\376\377\000I\000n\000f\000e\000r\000e\000n\000c\000e\000\040\000C\000o\000s\000t\000:\000\040\000N\000F\000E\000\040\000a\000n\000d\000\040\000W\000a\000l\000l\000-\000C\000l\000o\000c\000k\000\040\000T\000r\000a\000d\000e\000-\000o\000f\000f}{chapter.4}% 48
\BOOKMARK [1][-]{section.4.5}{\376\377\000P\000r\000e\000c\000i\000p\000i\000t\000a\000t\000i\000o\000n\000\040\000S\000k\000i\000l\000l\000\040\000b\000y\000\040\000T\000h\000r\000e\000s\000h\000o\000l\000d}{chapter.4}% 49
\BOOKMARK [1][-]{section.4.6}{\376\377\000A\000u\000t\000o\000r\000e\000g\000r\000e\000s\000s\000i\000v\000e\000\040\000R\000o\000l\000l\000o\000u\000t}{chapter.4}% 50
\BOOKMARK [1][-]{section.4.7}{\376\377\000A\000b\000l\000a\000t\000i\000o\000n\000:\000\040\000l\000o\000g\0001\000p\000\040\000P\000r\000e\000c\000i\000p\000i\000t\000a\000t\000i\000o\000n\000\040\000E\000n\000c\000o\000d\000i\000n\000g}{chapter.4}% 51
\BOOKMARK [1][-]{section.4.8}{\376\377\000A\000b\000l\000a\000t\000i\000o\000n\000:\000\040\000P\000r\000e\000c\000i\000p\000i\000t\000a\000t\000i\000o\000n\000\040\000C\000h\000a\000n\000n\000e\000l\000\040\000W\000e\000i\000g\000h\000t}{chapter.4}% 52
\BOOKMARK [1][-]{section.4.9}{\376\377\000C\000o\000m\000p\000a\000r\000i\000s\000o\000n\000\040\000A\000g\000a\000i\000n\000s\000t\000\040\000t\000h\000e\000\040\000L\000e\000g\000a\000c\000y\000\040\000B\000a\000s\000e\000l\000i\000n\000e}{chapter.4}% 53
\BOOKMARK [1][-]{section.4.10}{\376\377\000Q\000u\000a\000l\000i\000t\000a\000t\000i\000v\000e\000\040\000C\000a\000s\000e\000\040\000S\000t\000u\000d\000i\000e\000s}{chapter.4}% 54
\BOOKMARK [1][-]{section.4.11}{\376\377\000F\000a\000i\000l\000u\000r\000e\000\040\000M\000o\000d\000e\000s}{chapter.4}% 55
\BOOKMARK [1][-]{section.4.12}{\376\377\000D\000i\000s\000c\000u\000s\000s\000i\000o\000n}{chapter.4}% 56
\BOOKMARK [0][-]{chapter.5}{\376\377\000C\000o\000n\000c\000l\000u\000s\000i\000o\000n\000\040\000a\000n\000d\000\040\000F\000u\000t\000u\000r\000e\000\040\000W\000o\000r\000k}{}% 57
\BOOKMARK [1][-]{section.5.1}{\376\377\000S\000u\000m\000m\000a\000r\000y\000\040\000o\000f\000\040\000C\000o\000n\000t\000r\000i\000b\000u\000t\000i\000o\000n\000s}{chapter.5}% 58
\BOOKMARK [1][-]{section.5.2}{\376\377\000L\000i\000m\000i\000t\000a\000t\000i\000o\000n\000s}{chapter.5}% 59
\BOOKMARK [1][-]{section.5.3}{\376\377\000F\000u\000t\000u\000r\000e\000\040\000W\000o\000r\000k}{chapter.5}% 60
\BOOKMARK [1][-]{section.5.4}{\376\377\000C\000l\000o\000s\000i\000n\000g\000\040\000R\000e\000m\000a\000r\000k\000s}{chapter.5}% 61
\BOOKMARK [0][-]{section*.124}{\376\377\000R\000e\000f\000e\000r\000e\000n\000c\000e\000s}{}% 62
\BOOKMARK [0][-]{section*.127}{\376\377\000A\000p\000p\000e\000n\000d\000i\000x\000\040\000A\000\040\040\024\000\040\000H\000y\000p\000e\000r\000p\000a\000r\000a\000m\000e\000t\000e\000r\000s\000\040\000a\000n\000d\000\040\000T\000r\000a\000i\000n\000i\000n\000g\000\040\000C\000o\000n\000f\000i\000g\000u\000r\000a\000t\000i\000o\000n}{}% 63
\BOOKMARK [1][-]{section.5.1}{\376\377\000E\000D\000M\000\040\000D\000i\000f\000f\000u\000s\000i\000o\000n\000\040\000B\000a\000s\000e\000l\000i\000n\000e\000\040\000H\000y\000p\000e\000r\000p\000a\000r\000a\000m\000e\000t\000e\000r\000s}{section*.127}% 64
\BOOKMARK [1][-]{section.5.2}{\376\377\000F\000l\000o\000w\000C\000a\000s\000t\000\040\000\050\000C\000o\000n\000d\000i\000t\000i\000o\000n\000a\000l\000\040\000F\000l\000o\000w\000\040\000M\000a\000t\000c\000h\000i\000n\000g\000\051}{section*.127}% 65
\BOOKMARK [1][-]{section.5.3}{\376\377\000M\000e\000a\000n\000F\000l\000o\000w\000\040\000\050\000A\000v\000e\000r\000a\000g\000e\000-\000V\000e\000l\000o\000c\000i\000t\000y\000\040\000F\000l\000o\000w\000\040\000M\000a\000t\000c\000h\000i\000n\000g\000\051}{section*.127}% 66
\BOOKMARK [1][-]{section.5.4}{\376\377\000A\000b\000l\000a\000t\000i\000o\000n\000\040\000G\000r\000i\000d\000s}{section*.127}% 67
\BOOKMARK [1][-]{section.5.5}{\376\377\000P\000e\000r\000-\000C\000h\000a\000n\000n\000e\000l\000\040\000D\000a\000t\000a\000s\000e\000t\000\040\000S\000t\000a\000t\000i\000s\000t\000i\000c\000s}{section*.127}% 68
\BOOKMARK [0][-]{section*.129}{\376\377\000A\000p\000p\000e\000n\000d\000i\000x\000\040\000B\000\040\040\024\000\040\000R\000e\000p\000r\000o\000d\000u\000c\000i\000b\000i\000l\000i\000t\000y}{}% 69
\BOOKMARK [1][-]{section.5.1}{\376\377\000C\000o\000d\000e\000\040\000A\000v\000a\000i\000l\000a\000b\000i\000l\000i\000t\000y}{section*.129}% 70
\BOOKMARK [1][-]{section.5.2}{\376\377\000D\000a\000t\000a\000s\000e\000t\000\040\000a\000n\000d\000\040\000C\000h\000e\000c\000k\000p\000o\000i\000n\000t\000s}{section*.129}% 71
\BOOKMARK [1][-]{section.5.3}{\376\377\000C\000o\000m\000m\000a\000n\000d\000s}{section*.129}% 72
\BOOKMARK [0][-]{section*.141}{\376\377\000A\000p\000p\000e\000n\000d\000i\000x\000\040\000C\000\040\040\024\000\040\000D\000e\000t\000a\000i\000l\000e\000d\000\040\000D\000e\000r\000i\000v\000a\000t\000i\000o\000n\000s}{}% 73
\BOOKMARK [1][-]{section.5.1}{\376\377\000D\000D\000P\000M\000\040\000F\000o\000r\000w\000a\000r\000d\000-\000P\000r\000o\000c\000e\000s\000s\000\040\000M\000a\000r\000g\000i\000n\000a\000l\000s}{section*.141}% 74
\BOOKMARK [1][-]{section.5.2}{\376\377\000D\000D\000P\000M\000\040\000P\000o\000s\000t\000e\000r\000i\000o\000r\000\040\000q\000\050\000x\000t\000-\0001\000\040\000x\000t\000,\000\040\000x\0000\000\051}{section*.141}% 75
\BOOKMARK [1][-]{section.5.3}{\376\377\000D\000D\000P\000M\000\040\000V\000a\000r\000i\000a\000t\000i\000o\000n\000a\000l\000\040\000B\000o\000u\000n\000d\000\040\000\050\000E\000L\000B\000O\000\051}{section*.141}% 76
\BOOKMARK [1][-]{section.5.4}{\376\377\000D\000D\000P\000M\000\040\000S\000i\000m\000p\000l\000i\000f\000i\000e\000d\000\040\000-\000L\000o\000s\000s}{section*.141}% 77
\BOOKMARK [1][-]{section.5.5}{\376\377\000T\000w\000e\000e\000d\000i\000e\000'\000s\000\040\000F\000o\000r\000m\000u\000l\000a\000:\000\040\000S\000c\000o\000r\000e\000\040\000a\000n\000d\000\040\000D\000e\000n\000o\000i\000s\000e\000r}{section*.141}% 78
\BOOKMARK [1][-]{section.5.6}{\376\377\000P\000r\000o\000b\000a\000b\000i\000l\000i\000t\000y\000-\000F\000l\000o\000w\000\040\000O\000D\000E\000\040\000f\000r\000o\000m\000\040\000t\000h\000e\000\040\000V\000E\000-\000S\000D\000E}{section*.141}% 79
\BOOKMARK [1][-]{section.5.7}{\376\377\000D\000D\000I\000M\000:\000\040\000N\000o\000n\000-\000M\000a\000r\000k\000o\000v\000i\000a\000n\000\040\000F\000o\000r\000w\000a\000r\000d\000\040\000a\000n\000d\000\040\000D\000e\000t\000e\000r\000m\000i\000n\000i\000s\000t\000i\000c\000\040\000S\000a\000m\000p\000l\000e\000r}{section*.141}% 80
\BOOKMARK [1][-]{section.5.8}{\376\377\000E\000q\000u\000i\000v\000a\000l\000e\000n\000c\000e\000\040\000o\000f\000\040\000,\000\040\000x\0000\000,\000\040\000a\000n\000d\000\040\000v\000\040\000P\000a\000r\000a\000m\000e\000t\000e\000r\000i\000s\000a\000t\000i\000o\000n\000s}{section*.141}% 81
\BOOKMARK [1][-]{section.5.9}{\376\377\000E\000D\000M\000\040\000P\000r\000e\000c\000o\000n\000d\000i\000t\000i\000o\000n\000i\000n\000g\000\040\000D\000e\000r\000i\000v\000a\000t\000i\000o\000n}{section*.141}% 82
\BOOKMARK [1][-]{section.5.10}{\376\377\000K\000a\000r\000r\000a\000s\000\040\000-\000S\000p\000a\000c\000e\000d\000\040\000N\000o\000i\000s\000e\000\040\000S\000c\000h\000e\000d\000u\000l\000e}{section*.141}% 83
\BOOKMARK [1][-]{section.5.11}{\376\377\000C\000F\000M\000\040\000T\000h\000e\000o\000r\000e\000m\000:\000\040\000C\000o\000n\000d\000i\000t\000i\000o\000n\000a\000l\000\040\000=\000\040\000M\000a\000r\000g\000i\000n\000a\000l\000\040\000G\000r\000a\000d\000i\000e\000n\000t}{section*.141}% 84
\BOOKMARK [1][-]{section.5.12}{\376\377\000I\000n\000d\000e\000p\000e\000n\000d\000e\000n\000t\000\040\000C\000F\000M\000:\000\040\000S\000t\000r\000a\000i\000g\000h\000t\000-\000L\000i\000n\000e\000\040\000P\000a\000t\000h\000\040\000a\000n\000d\000\040\000T\000a\000r\000g\000e\000t}{section*.141}% 85
\BOOKMARK [1][-]{section.5.13}{\376\377\000F\000l\000o\000w\000C\000a\000s\000t\000'\000s\000\040\000S\000t\000a\000n\000d\000a\000r\000d\000i\000s\000e\000d\000-\000R\000e\000s\000i\000d\000u\000a\000l\000\040\000A\000d\000a\000p\000t\000a\000t\000i\000o\000n}{section*.141}% 86
